{
  _: local $#2 = self,
          c#3 = $#2,
          a#4 = c#3;
    if std#1["equals"]($#2["a"], 5.0)
    then null
    else error "Assertion failed: $.a == 5",
  _: local $#2 = self,
          c#3 = $#2,
          a#4 = c#3;
    if std#1["equals"](a#4["a"], 5.0)
    then null
    else error "Assertion failed: a.a == 5"
  ["a"]:
    local $#2 = self,
          c#3 = $#2,
          a#4 = c#3;
    5.0,
  ["k"]:
    local $#2 = self,
          c#3 = $#2,
          a#4 = c#3;
    "test",
}
