KeywordLocal("local")
Whitespace(" ")
Ident("foo")
SymbolLeftParen("(")
Ident("a")
SymbolComma(",")
Whitespace(" ")
Ident("b")
Whitespace(" ")
OpAssign("=")
Whitespace(" ")
Number("2")
SymbolRightParen(")")
Whitespace(" ")
OpAssign("=")
Whitespace(" ")
Ident("a")
Whitespace(" ")
OpPlus("+")
Whitespace(" ")
Ident("b")
SymbolComma(",")
Whitespace("\n      ")
Ident("bar")
SymbolLeftParen("(")
Ident("a")
Whitespace(" ")
OpAssign("=")
Whitespace(" ")
Number("1")
SymbolComma(",")
Whitespace(" ")
Ident("b")
Whitespace(" ")
OpAssign("=")
Whitespace(" ")
Number("2")
SymbolRightParen(")")
Whitespace(" ")
OpAssign("=")
Whitespace(" ")
Ident("foo")
SymbolLeftParen("(")
Ident("a")
SymbolComma(",")
Whitespace(" ")
Ident("b")
SymbolRightParen(")")
Whitespace(" ")
OpPlus("+")
Whitespace(" ")
Ident("foo")
SymbolLeftParen("(")
Ident("a")
SymbolComma(",")
Whitespace(" ")
Ident("b")
SymbolRightParen(")")
SymbolSemi(";")
Whitespace("\n")
Ident("bar")
Whitespace("\n")
