KeywordLocal("local")
Whitespace(" ")
Ident("foo")
SymbolLeftParen("(")
Ident("a")
SymbolComma(",")
Whitespace(" ")
Ident("b")
Whitespace(" ")
OpAssign("=")
Whitespace(" ")
Number("2")
SymbolRightParen(")")
Whitespace(" ")
OpAssign("=")
Whitespace(" ")
Ident("a")
Whitespace(" ")
OpPlus("+")
Whitespace(" ")
Ident("b")
Whitespace(" ")
SymbolSemi(";")
Whitespace(" ")
Ident("foo")
Whitespace("\n")
