KeywordLocal("local")
Whitespace(" ")
Ident("foo")
Whitespace(" ")
OpAssign("=")
Whitespace(" ")
KeywordTrue("true")
SymbolComma(",")
Whitespace(" ")
Ident("bar")
Whitespace(" ")
OpAssign("=")
Whitespace(" ")
Ident("foo")
Whitespace(" ")
SymbolSemi(";")
Whitespace(" ")
Ident("bar")
Whitespace("\n")
