Ident@0:9 "CCompiler"
Whitespace@9:10 " "
SymbolLeftBrace@10:11 "{"
Whitespace@11:12 " "
SymbolLeftBracket@12:13 "["
Ident@13:14 "x"
SymbolRightBracket@14:15 "]"
OpColon@15:16 ":"
Whitespace@16:17 " "
KeywordTrue@17:21 "true"
Whitespace@21:22 " "
KeywordFor@22:25 "for"
Whitespace@25:26 " "
Ident@26:27 "x"
Whitespace@27:28 " "
KeywordIn@28:30 "in"
Whitespace@30:31 " "
SymbolLeftBracket@31:32 "["
StringSingleQuoted@32:35 "\'1\'"
SymbolRightBracket@35:36 "]"
Whitespace@36:37 " "
SymbolRightBrace@37:38 "}"
Whitespace@38:39 "\n"
