SymbolLeftBrace@0:1 "{"
Whitespace@1:2 " "
KeywordLocal@2:7 "local"
Whitespace@7:8 " "
Ident@8:9 "a"
Whitespace@9:10 " "
OpAssign@10:11 "="
Whitespace@11:12 " "
SymbolDollar@12:13 "$"
SymbolComma@13:14 ","
Whitespace@14:15 " "
Ident@15:16 "a"
OpDoubleColon@16:18 "::"
Number@18:19 "5"
SymbolComma@19:20 ","
Whitespace@20:21 " "
Ident@21:22 "k"
OpDoubleColon@22:24 "::"
StringSingleQuoted@24:30 "\'test\'"
SymbolComma@30:31 ","
Whitespace@31:32 " "
KeywordAssert@32:38 "assert"
Whitespace@38:39 " "
SymbolDollar@39:40 "$"
SymbolDot@40:41 "."
Ident@41:42 "a"
Whitespace@42:43 " "
OpEqual@43:45 "=="
Whitespace@45:46 " "
Number@46:47 "5"
SymbolComma@47:48 ","
Whitespace@48:49 " "
KeywordAssert@49:55 "assert"
Whitespace@55:56 " "
KeywordSelf@56:60 "self"
SymbolDot@60:61 "."
Ident@61:62 "a"
Whitespace@62:63 " "
OpEqual@63:65 "=="
Whitespace@65:66 " "
Number@66:67 "5"
Whitespace@67:68 " "
SymbolRightBrace@68:69 "}"
Whitespace@69:70 "\n"
