SOURCE_FILE@0..30
  OBJECT_APPLY_EXPR@0..29
    IDENT_EXPR@0..9
      IDENT@0..9 "CCompiler"
    WHITESPACE@9..10 " "
    OBJECT_EXPR@10..29
      L_CURLY@10..11 "{"
      WHITESPACE@11..12 " "
      VALUE_OBJ_FIELD@12..27
        IDENT_FIELD_NAME@12..20
          IDENT@12..20 "compiler"
        COLON_OP@20..21 ":"
        WHITESPACE@21..22 " "
        STRING_EXPR@22..27
          STRING@22..27 "\"gcc\""
      WHITESPACE@27..28 " "
      R_CURLY@28..29 "}"
  WHITESPACE@29..30 "\n"
