SOURCE_FILE@0..29
  IF_EXPR@0..28
    IF_KW@0..2 "if"
    WHITESPACE@2..3 " "
    COND@3..7
      TRUE_EXPR@3..7
        TRUE_KW@3..7 "true"
    WHITESPACE@7..8 " "
    THEN_KW@8..12 "then"
    WHITESPACE@12..13 " "
    TRUE_BRANCH@13..17
      TRUE_EXPR@13..17
        TRUE_KW@13..17 "true"
    WHITESPACE@17..18 " "
    ELSE_KW@18..22 "else"
    WHITESPACE@22..23 " "
    FALSE_BRANCH@23..28
      FALSE_EXPR@23..28
        FALSE_KW@23..28 "false"
  WHITESPACE@28..29 "\n"
