SOURCE_FILE@0..27
  OBJECT_COMP_EXPR@0..26
    L_CURLY@0..1 "{"
    VALUE_OBJ_FIELD@1..10
      COMPUTED_FIELD_NAME@1..4
        L_BRACK@1..2 "["
        IDENT_EXPR@2..3
          IDENT@2..3 "x"
        R_BRACK@3..4 "]"
      COLON_OP@4..5 ":"
      WHITESPACE@5..6 " "
      TRUE_EXPR@6..10
        TRUE_KW@6..10 "true"
    WHITESPACE@10..11 " "
    FOR_COMP_SPEC@11..25
      FOR_KW@11..14 "for"
      WHITESPACE@14..15 " "
      IDENT@15..16 "x"
      WHITESPACE@16..17 " "
      IN_KW@17..19 "in"
      WHITESPACE@19..20 " "
      ARRAY_EXPR@20..25
        L_BRACK@20..21 "["
        STRING_EXPR@21..24
          STRING@21..24 "\'x\'"
        R_BRACK@24..25 "]"
    R_CURLY@25..26 "}"
  WHITESPACE@26..27 "\n"
