SOURCE_FILE@0..14
  APPLY_EXPR@0..13
    IDENT_EXPR@0..3
      IDENT@0..3 "foo"
    ARG_LIST@3..13
      L_PAREN@3..4 "("
      POSITIONAL_ARGUMENT@4..5
        IDENT_EXPR@4..5
          IDENT@4..5 "a"
      COMMA@5..6 ","
      WHITESPACE@6..7 " "
      NAMED_ARGUMENT@7..12
        IDENT@7..8 "b"
        WHITESPACE@8..9 " "
        ASSIGN_OP@9..10 "="
        WHITESPACE@10..11 " "
        NUMBER_EXPR@11..12
          NUMBER@11..12 "0"
      R_PAREN@12..13 ")"
  WHITESPACE@13..14 "\n"
